---
source: src/ui_tests.rs
expression: output
---
Logs: nginx (local) - Press ESC to return [AUTO]
