---
source: src/ui_tests.rs
expression: output
---
┌dtop v0.2.0 - 3 containers (↑/↓ to navigate, '?' for help, 'q' to quit)───────────────────────────────────────────────┐
│ID           Name  CPU %                        Memory %                     Net TX       Net RX       Uptime         │
│                                                                                                                      │
│low12345678  low-u ███░░░░░░░░░░░░░░░░░  15.0%  ████░░░░░░░░░░░░░░░░  20.0%  100B/s       200B/s       2 hours ago    │
│med12345678  mediu ███████████░░░░░░░░░  55.0%  █████████████░░░░░░░  65.0%  1000.0KB/s   1.95MB/s     2 hours ago    │
│high12345678 high- ███████████████████░  95.0%  ████████████████████  99.0%  100.00MB/s   200.00MB/s   2 hours ago    │
│                                                                                                                      │
│                                                                                                                      │
│                                                                                                                      │
│                                                                                                                      │
│                                                                                                                      │
│                                                                                                                      │
│                                                                                                                      │
│                                                                                                                      │
│                                                                                                                      │
│                                                                                                                      │
│                                                                                                                      │
│                                                                                                                      │
│                                                                                                                      │
│                                                                                                                      │
│                                                                                                                      │
│                                                                                                                      │
│                                                                                                                      │
│                                                                                                                      │
└──────────────────────────────────────────────────────────────────────────────────────────────────────────────────────┘
